// Jest Snapshot v1, https://goo.gl/fbAQLP

exports[`<EditContact /> renders correctly across screens 1`] = `
<View
  onLayout={[Function]}
  style={
    Array [
      Object {
        "flex": 1,
      },
      Object {
        "paddingBottom": 0,
      },
    ]
  }
>
  <RCTScrollView
    style={
      Object {
        "backgroundColor": "white",
        "flex": 1,
        "paddingHorizontal": 32,
        "paddingTop": 16,
      }
    }
  >
    <View>
      <View
        style={
          Object {
            "alignItems": "center",
            "marginBottom": 32,
          }
        }
      >
        <View>
          <Text
            allowFontScaling={false}
            style={
              Array [
                Object {
                  "color": "white",
                  "fontSize": 58,
                },
                Object {
                  "backgroundColor": "#8D8D8D",
                  "borderRadius": 100,
                  "padding": 20,
                },
                Object {
                  "fontFamily": "Ionicons",
                  "fontStyle": "normal",
                  "fontWeight": "normal",
                },
                Object {},
              ]
            }
          >
            ï†º
          </Text>
        </View>
      </View>
      <Text
        style={
          Object {
            "marginBottom": 8,
          }
        }
      >
        First name
      </Text>
      <TextInput
        onChangeText={[Function]}
        placeholder="First name"
        style={
          Object {
            "borderColor": "#8D8D8D",
            "borderRadius": 8,
            "borderWidth": 1,
            "fontSize": 16,
            "height": 58,
            "marginBottom": 16,
            "paddingHorizontal": 12,
          }
        }
        value="Elon"
      />
      <Text
        style={
          Object {
            "marginBottom": 8,
          }
        }
      >
        Last name
      </Text>
      <TextInput
        onChangeText={[Function]}
        placeholder="Last name"
        style={
          Object {
            "borderColor": "#8D8D8D",
            "borderRadius": 8,
            "borderWidth": 1,
            "fontSize": 16,
            "height": 58,
            "marginBottom": 16,
            "paddingHorizontal": 12,
          }
        }
        value="Musk"
      />
      <Text
        style={
          Object {
            "marginBottom": 8,
          }
        }
      >
        Phone number
      </Text>
      <TextInput
        keyboardType="number-pad"
        onChangeText={[Function]}
        placeholder="Phone"
        style={
          Object {
            "borderColor": "#8D8D8D",
            "borderRadius": 8,
            "borderWidth": 1,
            "fontSize": 16,
            "height": 58,
            "marginBottom": 16,
            "paddingHorizontal": 12,
          }
        }
        value="+23493023902"
      />
      <Text
        style={
          Object {
            "marginBottom": 8,
          }
        }
      >
        Email
      </Text>
      <TextInput
        keyboardType="email-address"
        onChangeText={[Function]}
        placeholder="Email"
        style={
          Object {
            "borderColor": "#8D8D8D",
            "borderRadius": 8,
            "borderWidth": 1,
            "fontSize": 16,
            "height": 58,
            "marginBottom": 16,
            "paddingHorizontal": 12,
          }
        }
        value="andre@gmail.com"
      />
      <View
        accessibilityLabel="Save contact"
        accessibilityRole="button"
        accessible={true}
        collapsable={false}
        focusable={true}
        nativeID="animatedComponent"
        onClick={[Function]}
        onResponderGrant={[Function]}
        onResponderMove={[Function]}
        onResponderRelease={[Function]}
        onResponderTerminate={[Function]}
        onResponderTerminationRequest={[Function]}
        onStartShouldSetResponder={[Function]}
        style={
          Object {
            "opacity": 1,
          }
        }
      >
        <View
          style={
            Array [
              Object {},
            ]
          }
        >
          <Text
            style={
              Array [
                Object {
                  "color": "#007AFF",
                  "fontSize": 18,
                  "margin": 8,
                  "textAlign": "center",
                },
              ]
            }
          >
            Save
          </Text>
        </View>
      </View>
    </View>
  </RCTScrollView>
</View>
`;
